// Jest Snapshot v1, https://goo.gl/fbAQLP

exports[`should return nothing if visible is false 1`] = `<Fragment />`;
