// Jest Snapshot v1, https://goo.gl/fbAQLP

exports[`should render the TextInput 1`] = `
<input
  className="input"
  onBlur={[Function]}
  onFocus={[Function]}
  placeholder="placeholder"
  type="text"
/>
`;
