// Jest Snapshot v1, https://goo.gl/fbAQLP

exports[`should render the BigTitle 1`] = `
<span
  className="container testClass"
>
  Big Title
</span>
`;
