// Jest Snapshot v1, https://goo.gl/fbAQLP

exports[`should render the HashtagTitle 1`] = `
<span
  className="container testClass"
>
  #Â 
  Super Title
</span>
`;
